Microchip MPLAB XC8 Compiler V2.31

Linker command line:

-W-3 --edf=C:\Program Files\Microchip\xc8\v2.31\pic\dat\en_msgs.txt -cn \
  -h+dist/default/production\pic18f16q41-uart-button-mplab-mcc.X.production.sym \
  --cmf=dist/default/production\pic18f16q41-uart-button-mplab-mcc.X.production.cmf \
  -z -Q18F16Q41 -oC:\Users\C63402\AppData\Local\Temp\sjos.2 \
  --defsym=__MPLAB_BUILD=1 \
  -Mdist/default/production/pic18f16q41-uart-button-mplab-mcc.X.production.map \
  -E1 -ver=XC8 Compiler --acfsm=1493 -ASTACK=0580h-015FFh -pstack=STACK \
  -ACODE=00h-0FFFFh -ACONST=00h-0FFFFh -ASMALLCONST=01600h-016FFhx234 \
  -AMEDIUMCONST=01600h-0FFFFh -ACOMRAM=0501h-055Fh -AABS1=0500h-015FFh \
  -ABIGRAM=0501h-015FFh -ARAM=0560h-05FFh,0600h-06FFhx16 \
  -ABANK5=0560h-05FFh -ABANK6=0600h-06FFh -ABANK7=0700h-07FFh \
  -ABANK8=0800h-08FFh -ABANK9=0900h-09FFh -ABANK10=0A00h-0AFFh \
  -ABANK11=0B00h-0BFFh -ABANK12=0C00h-0CFFh -ABANK13=0D00h-0DFFh \
  -ABANK14=0E00h-0EFFh -ABANK15=0F00h-0FFFh -ABANK16=01000h-010FFh \
  -ABANK17=01100h-011FFh -ABANK18=01200h-012FFh -ABANK19=01300h-013FFh \
  -ABANK20=01400h-014FFh -ABANK21=01500h-015FFh \
  -ASFR=00h-0FFhx4,0400h-045Fh,0460h-04FFh -ACONFIG=0300000h-0300011h \
  -AIDLOC=0200000h-020001Fh -AEEDATA=0380000h-03803FFh -peeprom_data=EEDATA \
  -preset_vec=00h -ppowerup=CODE,init -pramtop=01600h \
  -psmallconst=SMALLCONST -pmediumconst=MEDIUMCONST -pconst=CONST \
  -AFARRAM=00h-00h \
  -prdata=COMRAM,nvrram=COMRAM,nvbit=COMRAM,rbss=COMRAM,rbit=COMRAM \
  -pfarbss=FARRAM,fardata=FARRAM,nvFARRAM=FARRAM \
  -pintsave_regs=BIGRAM,bigbss=BIGRAM,bigdata=BIGRAM -pbss=RAM \
  -pidata=CODE,irdata=CODE,ibigdata=CODE,ifardata=CODE -prparam=COMRAM \
  C:\Users\C63402\AppData\Local\Temp\sjos.o \
  dist/default/production\pic18f16q41-uart-button-mplab-mcc.X.production.o 

Object code version is 3.11

Machine type is 18F16Q41



                Name                               Link     Load   Length Selector   Space Scale
C:\Users\C63402\AppData\Local\Temp\sjos.o
                idloc                            200000   200000       20        0       5
                config                           300000   300000        A        0       4
                init                               FFFC     FFFC        4     7FFE       0
                reset_vec                             0        0        4        0       0
dist/default/production\pic18f16q41-uart-button-mplab-mcc.X.production.o
                idloc                            200000   200000       20        0       5
                config                           300000   300000        A        0       4
                smallconst                         1600     1600       42      B00       0
                text25                             1B22     1B22       16      B21       0
                text24                             1A28     1A28       34      B21       0
                text23                             1AAE     1AAE       24      B21       0
                text22                             1BA6     1BA6        A      B21       0
                text21                             1B9C     1B9C        A      B21       0
                text20                             1B92     1B92        A      B21       0
                text19                             19F4     19F4       34      B21       0
                text18                             1894     1894       90      B21       0
                text17                             1B88     1B88        A      B21       0
                text16                             1A5C     1A5C       2C      B21       0
                text15                             1B7E     1B7E        A      B21       0
                text14                             1B74     1B74        A      B21       0
                text13                             1B6A     1B6A        A      B21       0
                text12                             1B60     1B60        A      B21       0
                text11                             1B56     1B56        A      B21       0
                text10                             1B4C     1B4C        A      B21       0
                text9                              1B42     1B42        A      B21       0
                text8                              174E     174E       B0      B21       0
                text7                              1AF0     1AF0       1A      B21       0
                text6                              1B0A     1B0A       18      B21       0
                text5                              1B38     1B38        A      B21       0
                text4                              17FE     17FE       96      B21       0
                text3                              1642     1642      10C      B21       0
                text2                              1990     1990       64      B21       0
                text1                              1A88     1A88       26      B21       0
                text0                              1924     1924       6C      B21       0
                cstackCOMRAM                        528      528       20      501       1
                bssBANK5                            560      560       20      560       1
                bssCOMRAM                           501      501       27      501       1
                cinit                              1AD2     1AD2       1E      B21       0
                nvCOMRAM                            548      548       16      501       1

TOTAL           Name                               Link     Load   Length     Space
        CLASS   STACK          

        CLASS   CODE           
                init                               FFFC     FFFC        4         0
                reset_vec                             0        0        4         0
                text25                             1B22     1B22       16         0
                text24                             1A28     1A28       34         0
                text23                             1AAE     1AAE       24         0
                text22                             1BA6     1BA6        A         0
                text21                             1B9C     1B9C        A         0
                text20                             1B92     1B92        A         0
                text19                             19F4     19F4       34         0
                text18                             1894     1894       90         0
                text17                             1B88     1B88        A         0
                text16                             1A5C     1A5C       2C         0
                text15                             1B7E     1B7E        A         0
                text14                             1B74     1B74        A         0
                text13                             1B6A     1B6A        A         0
                text12                             1B60     1B60        A         0
                text11                             1B56     1B56        A         0
                text10                             1B4C     1B4C        A         0
                text9                              1B42     1B42        A         0
                text8                              174E     174E       B0         0
                text7                              1AF0     1AF0       1A         0
                text6                              1B0A     1B0A       18         0
                text5                              1B38     1B38        A         0
                text4                              17FE     17FE       96         0
                text3                              1642     1642      10C         0
                text2                              1990     1990       64         0
                text1                              1A88     1A88       26         0
                text0                              1924     1924       6C         0
                cinit                              1AD2     1AD2       1E         0

        CLASS   CONST          

        CLASS   SMALLCONST     
                smallconst                         1600     1600       42         0

        CLASS   MEDIUMCONST    

        CLASS   COMRAM         
                cstackCOMRAM                        528      528       20         1
                bssCOMRAM                           501      501       27         1
                nvCOMRAM                            548      548       16         1

        CLASS   ABS1           

        CLASS   BIGRAM         

        CLASS   RAM            

        CLASS   BANK5          
                bssBANK5                            560      560       20         1

        CLASS   BANK6          

        CLASS   BANK7          

        CLASS   BANK8          

        CLASS   BANK9          

        CLASS   BANK10         

        CLASS   BANK11         

        CLASS   BANK12         

        CLASS   BANK13         

        CLASS   BANK14         

        CLASS   BANK15         

        CLASS   BANK16         

        CLASS   BANK17         

        CLASS   BANK18         

        CLASS   BANK19         

        CLASS   BANK20         

        CLASS   BANK21         

        CLASS   SFR            

        CLASS   CONFIG         
                config                           300000   300000        A         4

        CLASS   IDLOC          
                idloc                            200000   200000       20         5

        CLASS   EEDATA         

        CLASS   FARRAM         



SEGMENTS        Name                           Load    Length   Top    Selector   Space  Class

                reset_vec                      000000  000004  000004         0       0  CODE    
                bssCOMRAM                      000501  00005D  00055E       501       1  COMRAM  
                bssBANK5                       000560  000020  000580       560       1  BANK5   
                smallconst                     001600  000042  001642       B00       0  SMALLCON
                text3                          001642  00056E  001BB0       B21       0  CODE    
                init                           00FFFC  000004  010000      7FFE       0  CODE    


UNUSED ADDRESS RANGES

        Name                Unused          Largest block    Delta
        BANK10           000A00-000AFF              100
        BANK11           000B00-000BFF              100
        BANK12           000C00-000CFF              100
        BANK13           000D00-000DFF              100
        BANK14           000E00-000EFF              100
        BANK15           000F00-000FFF              100
        BANK16           001000-0010FF              100
        BANK17           001100-0011FF              100
        BANK18           001200-0012FF              100
        BANK19           001300-0013FF              100
        BANK20           001400-0014FF              100
        BANK21           001500-0015FF              100
        BANK5            000580-0005FF               80
        BANK6            000600-0006FF              100
        BANK7            000700-0007FF              100
        BANK8            000800-0008FF              100
        BANK9            000900-0009FF              100
        BIGRAM           00055E-00055F                2
                         000580-0015FF             1080
        CODE             000004-0015FF             15FC
                         001BB0-00FFFB             E44C
        COMRAM           00055E-00055F                2
        CONFIG           30000A-300011                8
        CONST            000004-0015FF             15FC
                         001BB0-00FFFB             E44C
        EEDATA           380000-3803FF              400
        MEDIUMCONST      001BB0-00FFFB             E44C
        RAM              000580-0015FF              100
        SFR              000000-0004FF              100
        SMALLCONST       001BB0-00FFFB              100
        STACK            000580-0015FF             1080

                                  Symbol Table

?_printf                                               cstackCOMRAM 000541
?_vfpfcnvrt                                            cstackCOMRAM 000533
?_vfprintf                                             cstackCOMRAM 000539
INT0_SetInterruptHandler@InterruptHandler              cstackCOMRAM 000528
INT1_SetInterruptHandler@InterruptHandler              cstackCOMRAM 000528
INT2_SetInterruptHandler@InterruptHandler              cstackCOMRAM 000528
Timer2_OverflowCallbackRegister@InterruptHandler       cstackCOMRAM 000528
UART1_SetErrorHandler@interruptHandler                 cstackCOMRAM 000528
UART1_SetFramingErrorHandler@interruptHandler          cstackCOMRAM 000528
UART1_SetFramingErrorInterruptHandler@InterruptHandler cstackCOMRAM 000528
UART1_SetOverrunErrorHandler@interruptHandler          cstackCOMRAM 000528
UART1_SetRxInterruptHandler@InterruptHandler           cstackCOMRAM 000528
UART1_SetTxInterruptHandler@InterruptHandler           cstackCOMRAM 000528
UART1_SetUartInterruptHandler@InterruptHandler         cstackCOMRAM 000528
UART1_Write@txData                                     cstackCOMRAM 000528
_ACTCON                                                (abs)        0000AC
_ANSELA                                                (abs)        000400
_ANSELB                                                (abs)        000408
_ANSELC                                                (abs)        000410
_CLC1_Initialize                                       text24       001A28
_CLC1_OutputStatusGet                                  text25       001B22
_CLCDATA                                               (abs)        0000D4
_CLCDATAbits                                           (abs)        0000D4
_CLCIN0PPS                                             (abs)        000261
_CLCSELECT                                             (abs)        0000D5
_CLCnCON                                               (abs)        0000D6
_CLCnGLS0                                              (abs)        0000DC
_CLCnGLS1                                              (abs)        0000DD
_CLCnGLS2                                              (abs)        0000DE
_CLCnGLS3                                              (abs)        0000DF
_CLCnPOL                                               (abs)        0000D7
_CLCnSEL0                                              (abs)        0000D8
_CLCnSEL1                                              (abs)        0000D9
_CLCnSEL2                                              (abs)        0000DA
_CLCnSEL3                                              (abs)        0000DB
_CLOCK_Initialize                                      text23       001AAE
_INLVLA                                                (abs)        000404
_INLVLB                                                (abs)        00040C
_INLVLC                                                (abs)        000414
_INT0_DefaultInterruptHandler                          (abs)        000000
_INT0_InterruptHandler                                 nvCOMRAM     000554
_INT0_SetInterruptHandler                              text22       001BA6
_INT1_DefaultInterruptHandler                          (abs)        000000
_INT1_InterruptHandler                                 nvCOMRAM     000552
_INT1_SetInterruptHandler                              text21       001B9C
_INT2_DefaultInterruptHandler                          (abs)        000000
_INT2_InterruptHandler                                 nvCOMRAM     000550
_INT2_SetInterruptHandler                              text20       001B92
_INTCON0bits                                           (abs)        0004D6
_INTERRUPT_Initialize                                  text19       0019F4
_IOCAF                                                 (abs)        000407
_IOCAN                                                 (abs)        000406
_IOCAP                                                 (abs)        000405
_IOCBF                                                 (abs)        00040F
_IOCBN                                                 (abs)        00040E
_IOCBP                                                 (abs)        00040D
_IOCCF                                                 (abs)        000417
_IOCCN                                                 (abs)        000416
_IOCCP                                                 (abs)        000415
_LATA                                                  (abs)        0004BE
_LATB                                                  (abs)        0004BF
_LATC                                                  (abs)        0004C0
_ODCONA                                                (abs)        000402
_ODCONB                                                (abs)        00040A
_ODCONC                                                (abs)        000412
_OSCCON1                                               (abs)        0000AD
_OSCCON2                                               (abs)        0000AE
_OSCCON3                                               (abs)        0000AF
_OSCEN                                                 (abs)        0000B3
_OSCFRQ                                                (abs)        0000B1
_OSCSTAT                                               (abs)        0000B2
_OSCTUNE                                               (abs)        0000B0
_PIE4bits                                              (abs)        0004AC
_PIN_MANAGER_Initialize                                text18       001894
_PIR10bits                                             (abs)        0004BD
_PIR1bits                                              (abs)        0004B4
_PIR3bits                                              (abs)        0004B6
_PIR4bits                                              (abs)        0004B7
_PIR6bits                                              (abs)        0004B9
_PR2                                                   (abs)        00031D
_RB7PPS                                                (abs)        000210
_RC1PPS                                                (abs)        000212
_SLRCONA                                               (abs)        000403
_SLRCONB                                               (abs)        00040B
_SLRCONC                                               (abs)        000413
_SYSTEM_Initialize                                     text7        001AF0
_T2CLKCON                                              (abs)        000320
_T2CON                                                 (abs)        00031E
_T2CONbits                                             (abs)        00031E
_T2HLT                                                 (abs)        00031F
_T2HLTbits                                             (abs)        00031F
_T2INPPS                                               (abs)        000248
_T2PR                                                  (abs)        00031D
_T2RST                                                 (abs)        000321
_T2RSTbits                                             (abs)        000321
_T2TMR                                                 (abs)        00031C
_TMR2                                                  (abs)        00031C
_TRISA                                                 (abs)        0004C6
_TRISB                                                 (abs)        0004C7
_TRISC                                                 (abs)        0004C8
_Timer2                                                smallconst   00161B
_Timer2_DefaultOverflowCallback                        (abs)        000000
_Timer2_Initialize                                     text16       001A5C
_Timer2_OverflowCallback                               nvCOMRAM     00054E
_Timer2_OverflowCallbackRegister                       text17       001B88
_Timer2_PeriodCountSet                                 (abs)        000000
_Timer2_Start                                          (abs)        000000
_Timer2_Stop                                           (abs)        000000
_Timer2_Tasks                                          (abs)        000000
_U1BRGH                                                (abs)        0002AF
_U1BRGL                                                (abs)        0002AE
_U1CON0                                                (abs)        0002AB
_U1CON0bits                                            (abs)        0002AB
_U1CON1                                                (abs)        0002AC
_U1CON2                                                (abs)        0002AD
_U1ERRIE                                               (abs)        0002B3
_U1ERRIR                                               (abs)        0002B2
_U1ERRIRbits                                           (abs)        0002B2
_U1FIFO                                                (abs)        0002B0
_U1P1H                                                 (abs)        0002A6
_U1P1L                                                 (abs)        0002A5
_U1P2H                                                 (abs)        0002A8
_U1P2L                                                 (abs)        0002A7
_U1P3H                                                 (abs)        0002AA
_U1P3L                                                 (abs)        0002A9
_U1RXB                                                 (abs)        0002A1
_U1RXCHK                                               (abs)        0002A2
_U1RXPPS                                               (abs)        000272
_U1TXB                                                 (abs)        0002A3
_U1TXCHK                                               (abs)        0002A4
_U1UIR                                                 (abs)        0002B1
_U1UIRbits                                             (abs)        0002B1
_UART1_DefaultErrorHandler                             (abs)        000000
_UART1_DefaultFramingErrorHandler                      (abs)        000000
_UART1_DefaultOverrunErrorHandler                      (abs)        000000
_UART1_ErrorHandler                                    nvCOMRAM     000548
_UART1_FramingErrorHandler                             nvCOMRAM     00054C
_UART1_FramingErrorInterruptHandler                    nvCOMRAM     000558
_UART1_FramingError_ISR                                (abs)        000000
_UART1_Initialize                                      text8        00174E
_UART1_Interface                                       smallconst   001601
_UART1_IsRxReady                                       (abs)        000000
_UART1_IsTxDone                                        (abs)        000000
_UART1_IsTxReady                                       (abs)        000000
_UART1_OverrunErrorHandler                             nvCOMRAM     00054A
_UART1_Read                                            (abs)        000000
_UART1_Receive_ISR                                     (abs)        000000
_UART1_RxInterruptHandler                              nvCOMRAM     00055C
_UART1_SetErrorHandler                                 text15       001B7E
_UART1_SetFramingErrorHandler                          text14       001B74
_UART1_SetFramingErrorInterruptHandler                 text13       001B6A
_UART1_SetOverrunErrorHandler                          text12       001B60
_UART1_SetRxInterruptHandler                           text11       001B56
_UART1_SetTxInterruptHandler                           text10       001B4C
_UART1_SetUartInterruptHandler                         text9        001B42
_UART1_Transmit_ISR                                    (abs)        000000
_UART1_TxInterruptHandler                              nvCOMRAM     00055A
_UART1_UARTInterruptHandler                            nvCOMRAM     000556
_UART1_UartInterrupt_ISR                               (abs)        000000
_UART1_Write                                           text6        001B0A
_WPUA                                                  (abs)        000401
_WPUB                                                  (abs)        000409
_WPUC                                                  (abs)        000411
__HRAM                                                 (abs)        000000
__Habs1                                                abs1         000000
__Hbank10                                              bank10       000000
__Hbank11                                              bank11       000000
__Hbank12                                              bank12       000000
__Hbank13                                              bank13       000000
__Hbank14                                              bank14       000000
__Hbank15                                              bank15       000000
__Hbank16                                              bank16       000000
__Hbank17                                              bank17       000000
__Hbank18                                              bank18       000000
__Hbank19                                              bank19       000000
__Hbank20                                              bank20       000000
__Hbank21                                              bank21       000000
__Hbank5                                               bank5        000000
__Hbank6                                               bank6        000000
__Hbank7                                               bank7        000000
__Hbank8                                               bank8        000000
__Hbank9                                               bank9        000000
__Hbigbss                                              bigbss       000000
__Hbigdata                                             bigdata      000000
__Hbigram                                              bigram       000000
__Hbss                                                 bss          000000
__HbssBANK5                                            bssBANK5     000000
__HbssCOMRAM                                           bssCOMRAM    000000
__Hcinit                                               cinit        000000
__Hclrtext                                             clrtext      000000
__Hcomram                                              comram       000000
__Hconfig                                              config       30000A
__Hconst                                               const        000000
__HcstackCOMRAM                                        cstackCOMRAM 000000
__Hdata                                                data         000000
__Heeprom_data                                         eeprom_data  000000
__Hfarbss                                              farbss       000000
__Hfardata                                             fardata      000000
__Hibigdata                                            ibigdata     000000
__Hidata                                               idata        000000
__Hidloc                                               idloc        200020
__Hifardata                                            ifardata     000000
__Hinit                                                init         010000
__Hintsave_regs                                        intsave_regs 000000
__Hirdata                                              irdata       000000
__Hmediumconst                                         mediumconst  000000
__HnvCOMRAM                                            nvCOMRAM     000000
__HnvFARRAM                                            nvFARRAM     000000
__Hnvbit                                               nvbit        000000
__Hnvrram                                              nvrram       000000
__Hparam                                               rparam       000000
__Hpowerup                                             powerup      000000
__Hram                                                 ram          000000
__Hramtop                                              ramtop       001600
__Hrbit                                                rbit         000000
__Hrbss                                                rbss         000000
__Hrdata                                               rdata        000000
__Hreset_vec                                           reset_vec    000004
__Hrparam                                              rparam       000000
__Hsfr                                                 sfr          000000
__Hsmallconst                                          smallconst   001642
__Hspace_0                                             (abs)        010000
__Hspace_1                                             (abs)        000580
__Hspace_2                                             (abs)        000000
__Hspace_4                                             (abs)        60000A
__Hstack                                               stack        000000
__Hstruct                                              struct       000000
__Htemp                                                temp         000000
__Htext                                                text         000000
__Htext0                                               text0        000000
__Htext1                                               text1        000000
__Htext10                                              text10       000000
__Htext11                                              text11       000000
__Htext12                                              text12       000000
__Htext13                                              text13       000000
__Htext14                                              text14       000000
__Htext15                                              text15       000000
__Htext16                                              text16       000000
__Htext17                                              text17       000000
__Htext18                                              text18       000000
__Htext19                                              text19       000000
__Htext2                                               text2        000000
__Htext20                                              text20       000000
__Htext21                                              text21       000000
__Htext22                                              text22       000000
__Htext23                                              text23       000000
__Htext24                                              text24       000000
__Htext25                                              text25       000000
__Htext26                                              text26       000000
__Htext3                                               text3        000000
__Htext4                                               text4        000000
__Htext5                                               text5        000000
__Htext6                                               text6        000000
__Htext7                                               text7        000000
__Htext8                                               text8        000000
__Htext9                                               text9        000000
__LRAM                                                 (abs)        000001
__Labs1                                                abs1         000000
__Lbank10                                              bank10       000000
__Lbank11                                              bank11       000000
__Lbank12                                              bank12       000000
__Lbank13                                              bank13       000000
__Lbank14                                              bank14       000000
__Lbank15                                              bank15       000000
__Lbank16                                              bank16       000000
__Lbank17                                              bank17       000000
__Lbank18                                              bank18       000000
__Lbank19                                              bank19       000000
__Lbank20                                              bank20       000000
__Lbank21                                              bank21       000000
__Lbank5                                               bank5        000000
__Lbank6                                               bank6        000000
__Lbank7                                               bank7        000000
__Lbank8                                               bank8        000000
__Lbank9                                               bank9        000000
__Lbigbss                                              bigbss       000000
__Lbigdata                                             bigdata      000000
__Lbigram                                              bigram       000000
__Lbss                                                 bss          000000
__LbssBANK5                                            bssBANK5     000000
__LbssCOMRAM                                           bssCOMRAM    000000
__Lcinit                                               cinit        000000
__Lclrtext                                             clrtext      000000
__Lcomram                                              comram       000000
__Lconfig                                              config       000000
__Lconst                                               const        000000
__LcstackCOMRAM                                        cstackCOMRAM 000000
__Ldata                                                data         000000
__Leeprom_data                                         eeprom_data  000000
__Lfarbss                                              farbss       000000
__Lfardata                                             fardata      000000
__Libigdata                                            ibigdata     000000
__Lidata                                               idata        000000
__Lidloc                                               idloc        000000
__Lifardata                                            ifardata     000000
__Linit                                                init         00FFFC
__Lintsave_regs                                        intsave_regs 000000
__Lirdata                                              irdata       000000
__Lmediumconst                                         mediumconst  000000
__LnvCOMRAM                                            nvCOMRAM     000000
__LnvFARRAM                                            nvFARRAM     000000
__Lnvbit                                               nvbit        000000
__Lnvrram                                              nvrram       000000
__Lparam                                               rparam       000000
__Lpowerup                                             powerup      000000
__Lram                                                 ram          000000
__Lramtop                                              ramtop       001600
__Lrbit                                                rbit         000000
__Lrbss                                                rbss         000000
__Lrdata                                               rdata        000000
__Lreset_vec                                           reset_vec    000000
__Lrparam                                              rparam       000000
__Lsfr                                                 sfr          000000
__Lsmallconst                                          smallconst   001600
__Lspace_0                                             (abs)        000000
__Lspace_1                                             (abs)        000000
__Lspace_2                                             (abs)        000000
__Lspace_4                                             (abs)        000000
__Lstack                                               stack        000000
__Lstruct                                              struct       000000
__Ltemp                                                temp         000000
__Ltext                                                text         000000
__Ltext0                                               text0        000000
__Ltext1                                               text1        000000
__Ltext10                                              text10       000000
__Ltext11                                              text11       000000
__Ltext12                                              text12       000000
__Ltext13                                              text13       000000
__Ltext14                                              text14       000000
__Ltext15                                              text15       000000
__Ltext16                                              text16       000000
__Ltext17                                              text17       000000
__Ltext18                                              text18       000000
__Ltext19                                              text19       000000
__Ltext2                                               text2        000000
__Ltext20                                              text20       000000
__Ltext21                                              text21       000000
__Ltext22                                              text22       000000
__Ltext23                                              text23       000000
__Ltext24                                              text24       000000
__Ltext25                                              text25       000000
__Ltext26                                              text26       000000
__Ltext3                                               text3        000000
__Ltext4                                               text4        000000
__Ltext5                                               text5        000000
__Ltext6                                               text6        000000
__Ltext7                                               text7        000000
__Ltext8                                               text8        000000
__Ltext9                                               text9        000000
__S0                                                   (abs)        010000
__S1                                                   (abs)        000580
__S2                                                   (abs)        000000
__S4                                                   (abs)        000000
__S5                                                   (abs)        000000
___inthi_sp                                            stack        000000
___intlo_sp                                            stack        000000
___param_bank                                          (abs)        000000
___rparam_used                                         (abs)        000001
___sp                                                  stack        000000
__accesstop                                            (abs)        000560
__activetblptr                                         (abs)        000003
__end_of_CLC1_Initialize                               text24       001A5C
__end_of_CLC1_OutputStatusGet                          text25       001B38
__end_of_CLOCK_Initialize                              text23       001AD2
__end_of_INT0_SetInterruptHandler                      text22       001BB0
__end_of_INT1_SetInterruptHandler                      text21       001BA6
__end_of_INT2_SetInterruptHandler                      text20       001B9C
__end_of_INTERRUPT_Initialize                          text19       001A28
__end_of_PIN_MANAGER_Initialize                        text18       001924
__end_of_SYSTEM_Initialize                             text7        001B0A
__end_of_Timer2                                        smallconst   001627
__end_of_Timer2_Initialize                             text16       001A88
__end_of_Timer2_OverflowCallbackRegister               text17       001B92
__end_of_UART1_Initialize                              text8        0017FE
__end_of_UART1_Interface                               smallconst   00161B
__end_of_UART1_SetErrorHandler                         text15       001B88
__end_of_UART1_SetFramingErrorHandler                  text14       001B7E
__end_of_UART1_SetFramingErrorInterruptHandler         text13       001B74
__end_of_UART1_SetOverrunErrorHandler                  text12       001B6A
__end_of_UART1_SetRxInterruptHandler                   text11       001B60
__end_of_UART1_SetTxInterruptHandler                   text10       001B56
__end_of_UART1_SetUartInterruptHandler                 text9        001B4C
__end_of_UART1_Write                                   text6        001B22
__end_of__initialization                               cinit        001AEA
__end_of_fputc                                         text4        001894
__end_of_main                                          text0        001990
__end_of_printf                                        text1        001AAE
__end_of_putch                                         text5        001B42
__end_of_vfpfcnvrt                                     text3        00174E
__end_of_vfprintf                                      text2        0019F4
__initialization                                       cinit        001AD2
__mediumconst                                          mediumconst  000000
__pbssBANK5                                            bssBANK5     000560
__pbssCOMRAM                                           bssCOMRAM    000501
__pcinit                                               cinit        001AD2
__pcstackCOMRAM                                        cstackCOMRAM 000528
__pnvCOMRAM                                            nvCOMRAM     000548
__psmallconst                                          smallconst   001600
__ptext0                                               text0        001924
__ptext1                                               text1        001A88
__ptext10                                              text10       001B4C
__ptext11                                              text11       001B56
__ptext12                                              text12       001B60
__ptext13                                              text13       001B6A
__ptext14                                              text14       001B74
__ptext15                                              text15       001B7E
__ptext16                                              text16       001A5C
__ptext17                                              text17       001B88
__ptext18                                              text18       001894
__ptext19                                              text19       0019F4
__ptext2                                               text2        001990
__ptext20                                              text20       001B92
__ptext21                                              text21       001B9C
__ptext22                                              text22       001BA6
__ptext23                                              text23       001AAE
__ptext24                                              text24       001A28
__ptext25                                              text25       001B22
__ptext26                                              text26       000000
__ptext3                                               text3        001642
__ptext4                                               text4        0017FE
__ptext5                                               text5        001B38
__ptext6                                               text6        001B0A
__ptext7                                               text7        001AF0
__ptext8                                               text8        00174E
__ptext9                                               text9        001B42
__ramtop                                               ramtop       001600
__size_of_CLC1_Initialize                              (abs)        000000
__size_of_CLC1_OutputStatusGet                         (abs)        000000
__size_of_CLOCK_Initialize                             (abs)        000000
__size_of_INT0_SetInterruptHandler                     (abs)        000000
__size_of_INT1_SetInterruptHandler                     (abs)        000000
__size_of_INT2_SetInterruptHandler                     (abs)        000000
__size_of_INTERRUPT_Initialize                         (abs)        000000
__size_of_PIN_MANAGER_Initialize                       (abs)        000000
__size_of_SYSTEM_Initialize                            (abs)        000000
__size_of_Timer2_Initialize                            (abs)        000000
__size_of_Timer2_OverflowCallbackRegister              (abs)        000000
__size_of_UART1_Initialize                             (abs)        000000
__size_of_UART1_SetErrorHandler                        (abs)        000000
__size_of_UART1_SetFramingErrorHandler                 (abs)        000000
__size_of_UART1_SetFramingErrorInterruptHandler        (abs)        000000
__size_of_UART1_SetOverrunErrorHandler                 (abs)        000000
__size_of_UART1_SetRxInterruptHandler                  (abs)        000000
__size_of_UART1_SetTxInterruptHandler                  (abs)        000000
__size_of_UART1_SetUartInterruptHandler                (abs)        000000
__size_of_UART1_Write                                  (abs)        000000
__size_of_fputc                                        (abs)        000000
__size_of_main                                         (abs)        000000
__size_of_printf                                       (abs)        000000
__size_of_putch                                        (abs)        000000
__size_of_vfpfcnvrt                                    (abs)        000000
__size_of_vfprintf                                     (abs)        000000
__smallconst                                           smallconst   001600
_flags                                                 bssCOMRAM    00051F
_fputc                                                 text4        0017FE
_main                                                  text0        001924
_nout                                                  bssCOMRAM    000519
_prec                                                  bssCOMRAM    00051D
_printf                                                text1        001A88
_putch                                                 text5        001B38
_uart1RxBuffer                                         bssCOMRAM    000509
_uart1RxCount                                          bssCOMRAM    000522
_uart1RxHead                                           bssCOMRAM    000524
_uart1RxLastError                                      bssCOMRAM    000521
_uart1RxStatusBuffer                                   bssCOMRAM    000501
_uart1RxTail                                           bssCOMRAM    000523
_uart1TxBuffer                                         bssCOMRAM    000511
_uart1TxBufferRemaining                                bssCOMRAM    000525
_uart1TxHead                                           bssCOMRAM    000527
_uart1TxTail                                           bssCOMRAM    000526
_vfpfcnvrt                                             text3        001642
_vfprintf                                              text2        001990
_width                                                 bssCOMRAM    00051B
end_of_initialization                                  cinit        001AEA
fputc@c                                                cstackCOMRAM 00052A
fputc@fp                                               cstackCOMRAM 00052C
intlevel0                                              text         000000
intlevel1                                              text         000000
intlevel2                                              text         000000
intlevel3                                              text         000000
main@pressed                                           cstackCOMRAM 000547
printf@ap                                              cstackCOMRAM 000545
printf@fmt                                             cstackCOMRAM 000541
putch@txData                                           cstackCOMRAM 000529
stackhi                                                (abs)        0015FF
stacklo                                                (abs)        000580
start                                                  init         00FFFC
start_initialization                                   cinit        001AD2
vfpfcnvrt@ap                                           cstackCOMRAM 000537
vfpfcnvrt@fmt                                          cstackCOMRAM 000535
vfpfcnvrt@fp                                           cstackCOMRAM 000533
vfprintf@ap                                            cstackCOMRAM 00053D
vfprintf@cfmt                                          cstackCOMRAM 00053F
vfprintf@fmt                                           cstackCOMRAM 00053B
vfprintf@fp                                            cstackCOMRAM 000539


FUNCTION INFORMATION:

 *************** function _main *****************
 Defined at:
		line 42 in file "main.c"
 Parameters:    Size  Location     Type
		None
 Auto vars:     Size  Location     Type
  pressed         1   31[COMRAM] _Bool 
 Return value:  Size  Location     Type
                  2  555[None  ] int 
 Registers used:
		wreg, fsr1l, fsr1h, fsr2l, fsr2h, status,2, status,0, tblptrl, tblptrh, tblptru, cstack
 Tracked objects:
		On entry : 
		On exit  : 
		Unchanged: 
 Data sizes:     COMRAM   BANK5   BANK6   BANK7   BANK8   BANK9  BANK10  BANK11  BANK12  BANK13  BANK14  BANK15  BANK16  BANK17  BANK18  BANK19  BANK20  BANK21
      Params:         0       0       0       0       0       0       0       0       0       0       0       0       0       0       0       0       0       0
      Locals:         1       0       0       0       0       0       0       0       0       0       0       0       0       0       0       0       0       0
      Temps:          0       0       0       0       0       0       0       0       0       0       0       0       0       0       0       0       0       0
      Totals:         1       0       0       0       0       0       0       0       0       0       0       0       0       0       0       0       0       0
Total ram usage:        1 bytes
 Hardware stack levels required when called:    6
 This function calls:
		_CLC1_OutputStatusGet
		_SYSTEM_Initialize
		_printf
 This function is called by:
		Startup code after reset
 This function uses a non-reentrant model


 *************** function _printf *****************
 Defined at:
		line 5 in file "C:\Program Files\Microchip\xc8\v2.31\pic\sources\c99\common\printf.c"
 Parameters:    Size  Location     Type
  fmt             2   25[COMRAM] PTR const unsigned char 
		 -> STR_1(26), 
 Auto vars:     Size  Location     Type
  ap              2   29[COMRAM] PTR void [1]
		 -> ?_printf(2), 
  ret             2    0        int 
 Return value:  Size  Location     Type
                  2   25[COMRAM] int 
 Registers used:
		wreg, fsr1l, fsr1h, fsr2l, fsr2h, status,2, status,0, tblptrl, tblptrh, tblptru, cstack
 Tracked objects:
		On entry : 
		On exit  : 
		Unchanged: 
 Data sizes:     COMRAM   BANK5   BANK6   BANK7   BANK8   BANK9  BANK10  BANK11  BANK12  BANK13  BANK14  BANK15  BANK16  BANK17  BANK18  BANK19  BANK20  BANK21
      Params:         2       0       0       0       0       0       0       0       0       0       0       0       0       0       0       0       0       0
      Locals:         4       0       0       0       0       0       0       0       0       0       0       0       0       0       0       0       0       0
      Temps:          0       0       0       0       0       0       0       0       0       0       0       0       0       0       0       0       0       0
      Totals:         6       0       0       0       0       0       0       0       0       0       0       0       0       0       0       0       0       0
Total ram usage:        6 bytes
 Hardware stack levels used:    1
 Hardware stack levels required when called:    5
 This function calls:
		_vfprintf
 This function is called by:
		_main
 This function uses a non-reentrant model


 *************** function _vfprintf *****************
 Defined at:
		line 1390 in file "C:\Program Files\Microchip\xc8\v2.31\pic\sources\c99\common\doprnt.c"
 Parameters:    Size  Location     Type
  fp              2   17[COMRAM] PTR struct _IO_FILE
		 -> NULL(0), 
  fmt             2   19[COMRAM] PTR const unsigned char 
		 -> STR_1(26), 
  ap              2   21[COMRAM] PTR PTR void 
		 -> printf@ap(2), 
 Auto vars:     Size  Location     Type
  cfmt            2   23[COMRAM] PTR unsigned char 
		 -> STR_1(26), 
 Return value:  Size  Location     Type
                  2   17[COMRAM] int 
 Registers used:
		wreg, fsr1l, fsr1h, fsr2l, fsr2h, status,2, status,0, tblptrl, tblptrh, tblptru, cstack
 Tracked objects:
		On entry : 
		On exit  : 
		Unchanged: 
 Data sizes:     COMRAM   BANK5   BANK6   BANK7   BANK8   BANK9  BANK10  BANK11  BANK12  BANK13  BANK14  BANK15  BANK16  BANK17  BANK18  BANK19  BANK20  BANK21
      Params:         6       0       0       0       0       0       0       0       0       0       0       0       0       0       0       0       0       0
      Locals:         2       0       0       0       0       0       0       0       0       0       0       0       0       0       0       0       0       0
      Temps:          0       0       0       0       0       0       0       0       0       0       0       0       0       0       0       0       0       0
      Totals:         8       0       0       0       0       0       0       0       0       0       0       0       0       0       0       0       0       0
Total ram usage:        8 bytes
 Hardware stack levels used:    1
 Hardware stack levels required when called:    4
 This function calls:
		_vfpfcnvrt
 This function is called by:
		_printf
 This function uses a non-reentrant model


 *************** function _vfpfcnvrt *****************
 Defined at:
		line 692 in file "C:\Program Files\Microchip\xc8\v2.31\pic\sources\c99\common\doprnt.c"
 Parameters:    Size  Location     Type
  fp              2   11[COMRAM] PTR struct _IO_FILE
		 -> NULL(0), 
  fmt             2   13[COMRAM] PTR PTR unsigned char 
		 -> vfprintf@cfmt(2), 
  ap              2   15[COMRAM] PTR PTR void 
		 -> printf@ap(2), 
 Auto vars:     Size  Location     Type
  llu             8    0        unsigned long long 
  ll              8    0        long long 
  f               4    0        long long 
  vp              3    0        PTR void 
  ct              3    0        unsigned char [3]
  cp              3    0        PTR unsigned char 
  i               2    0        int 
  done            2    0        int 
  c               1    0        unsigned char 
 Return value:  Size  Location     Type
                  2   11[COMRAM] int 
 Registers used:
		wreg, fsr1l, fsr1h, fsr2l, fsr2h, status,2, status,0, tblptrl, tblptrh, tblptru, cstack
 Tracked objects:
		On entry : 
		On exit  : 
		Unchanged: 
 Data sizes:     COMRAM   BANK5   BANK6   BANK7   BANK8   BANK9  BANK10  BANK11  BANK12  BANK13  BANK14  BANK15  BANK16  BANK17  BANK18  BANK19  BANK20  BANK21
      Params:         6       0       0       0       0       0       0       0       0       0       0       0       0       0       0       0       0       0
      Locals:         0       0       0       0       0       0       0       0       0       0       0       0       0       0       0       0       0       0
      Temps:          0       0       0       0       0       0       0       0       0       0       0       0       0       0       0       0       0       0
      Totals:         6       0       0       0       0       0       0       0       0       0       0       0       0       0       0       0       0       0
Total ram usage:        6 bytes
 Hardware stack levels used:    1
 Hardware stack levels required when called:    3
 This function calls:
		_fputc
 This function is called by:
		_vfprintf
 This function uses a non-reentrant model


 *************** function _fputc *****************
 Defined at:
		line 8 in file "C:\Program Files\Microchip\xc8\v2.31\pic\sources\c99\common\nf_fputc.c"
 Parameters:    Size  Location     Type
  c               2    2[COMRAM] int 
  fp              2    4[COMRAM] PTR struct _IO_FILE
		 -> NULL(0), 
 Auto vars:     Size  Location     Type
		None
 Return value:  Size  Location     Type
                  2    2[COMRAM] int 
 Registers used:
		wreg, fsr1l, fsr1h, fsr2l, fsr2h, status,2, status,0, cstack
 Tracked objects:
		On entry : 
		On exit  : 
		Unchanged: 
 Data sizes:     COMRAM   BANK5   BANK6   BANK7   BANK8   BANK9  BANK10  BANK11  BANK12  BANK13  BANK14  BANK15  BANK16  BANK17  BANK18  BANK19  BANK20  BANK21
      Params:         4       0       0       0       0       0       0       0       0       0       0       0       0       0       0       0       0       0
      Locals:         0       0       0       0       0       0       0       0       0       0       0       0       0       0       0       0       0       0
      Temps:          5       0       0       0       0       0       0       0       0       0       0       0       0       0       0       0       0       0
      Totals:         9       0       0       0       0       0       0       0       0       0       0       0       0       0       0       0       0       0
Total ram usage:        9 bytes
 Hardware stack levels used:    1
 Hardware stack levels required when called:    2
 This function calls:
		_putch
 This function is called by:
		_vfpfcnvrt
 This function uses a non-reentrant model


 *************** function _putch *****************
 Defined at:
		line 249 in file "mcc_generated_files/uart/src/uart1.c"
 Parameters:    Size  Location     Type
  txData          1    wreg     unsigned char 
 Auto vars:     Size  Location     Type
  txData          1    1[COMRAM] unsigned char 
 Return value:  Size  Location     Type
                  1    wreg      void 
 Registers used:
		wreg, status,2, cstack
 Tracked objects:
		On entry : 
		On exit  : 
		Unchanged: 
 Data sizes:     COMRAM   BANK5   BANK6   BANK7   BANK8   BANK9  BANK10  BANK11  BANK12  BANK13  BANK14  BANK15  BANK16  BANK17  BANK18  BANK19  BANK20  BANK21
      Params:         0       0       0       0       0       0       0       0       0       0       0       0       0       0       0       0       0       0
      Locals:         1       0       0       0       0       0       0       0       0       0       0       0       0       0       0       0       0       0
      Temps:          0       0       0       0       0       0       0       0       0       0       0       0       0       0       0       0       0       0
      Totals:         1       0       0       0       0       0       0       0       0       0       0       0       0       0       0       0       0       0
Total ram usage:        1 bytes
 Hardware stack levels used:    1
 Hardware stack levels required when called:    1
 This function calls:
		_UART1_Write
 This function is called by:
		_fputc
 This function uses a non-reentrant model


 *************** function _UART1_Write *****************
 Defined at:
		line 235 in file "mcc_generated_files/uart/src/uart1.c"
 Parameters:    Size  Location     Type
  txData          1    wreg     unsigned char 
 Auto vars:     Size  Location     Type
  txData          1    0[COMRAM] unsigned char 
 Return value:  Size  Location     Type
                  1    wreg      void 
 Registers used:
		wreg
 Tracked objects:
		On entry : 
		On exit  : 
		Unchanged: 
 Data sizes:     COMRAM   BANK5   BANK6   BANK7   BANK8   BANK9  BANK10  BANK11  BANK12  BANK13  BANK14  BANK15  BANK16  BANK17  BANK18  BANK19  BANK20  BANK21
      Params:         0       0       0       0       0       0       0       0       0       0       0       0       0       0       0       0       0       0
      Locals:         1       0       0       0       0       0       0       0       0       0       0       0       0       0       0       0       0       0
      Temps:          0       0       0       0       0       0       0       0       0       0       0       0       0       0       0       0       0       0
      Totals:         1       0       0       0       0       0       0       0       0       0       0       0       0       0       0       0       0       0
Total ram usage:        1 bytes
 Hardware stack levels used:    1
 This function calls:
		Nothing
 This function is called by:
		_putch
 This function uses a non-reentrant model


 *************** function _SYSTEM_Initialize *****************
 Defined at:
		line 62 in file "mcc_generated_files/system/src/system.c"
 Parameters:    Size  Location     Type
		None
 Auto vars:     Size  Location     Type
		None
 Return value:  Size  Location     Type
                  1    wreg      void 
 Registers used:
		wreg, status,2, status,0, cstack
 Tracked objects:
		On entry : 
		On exit  : 
		Unchanged: 
 Data sizes:     COMRAM   BANK5   BANK6   BANK7   BANK8   BANK9  BANK10  BANK11  BANK12  BANK13  BANK14  BANK15  BANK16  BANK17  BANK18  BANK19  BANK20  BANK21
      Params:         0       0       0       0       0       0       0       0       0       0       0       0       0       0       0       0       0       0
      Locals:         0       0       0       0       0       0       0       0       0       0       0       0       0       0       0       0       0       0
      Temps:          0       0       0       0       0       0       0       0       0       0       0       0       0       0       0       0       0       0
      Totals:         0       0       0       0       0       0       0       0       0       0       0       0       0       0       0       0       0       0
Total ram usage:        0 bytes
 Hardware stack levels used:    1
 Hardware stack levels required when called:    2
 This function calls:
		_CLC1_Initialize
		_CLOCK_Initialize
		_INTERRUPT_Initialize
		_PIN_MANAGER_Initialize
		_Timer2_Initialize
		_UART1_Initialize
 This function is called by:
		_main
 This function uses a non-reentrant model


 *************** function _UART1_Initialize *****************
 Defined at:
		line 111 in file "mcc_generated_files/uart/src/uart1.c"
 Parameters:    Size  Location     Type
		None
 Auto vars:     Size  Location     Type
		None
 Return value:  Size  Location     Type
                  1    wreg      void 
 Registers used:
		wreg, status,2, status,0, cstack
 Tracked objects:
		On entry : 
		On exit  : 
		Unchanged: 
 Data sizes:     COMRAM   BANK5   BANK6   BANK7   BANK8   BANK9  BANK10  BANK11  BANK12  BANK13  BANK14  BANK15  BANK16  BANK17  BANK18  BANK19  BANK20  BANK21
      Params:         0       0       0       0       0       0       0       0       0       0       0       0       0       0       0       0       0       0
      Locals:         0       0       0       0       0       0       0       0       0       0       0       0       0       0       0       0       0       0
      Temps:          0       0       0       0       0       0       0       0       0       0       0       0       0       0       0       0       0       0
      Totals:         0       0       0       0       0       0       0       0       0       0       0       0       0       0       0       0       0       0
Total ram usage:        0 bytes
 Hardware stack levels used:    1
 Hardware stack levels required when called:    1
 This function calls:
		_UART1_SetErrorHandler
		_UART1_SetFramingErrorHandler
		_UART1_SetFramingErrorInterruptHandler
		_UART1_SetOverrunErrorHandler
		_UART1_SetRxInterruptHandler
		_UART1_SetTxInterruptHandler
		_UART1_SetUartInterruptHandler
 This function is called by:
		_SYSTEM_Initialize
 This function uses a non-reentrant model


 *************** function _UART1_SetUartInterruptHandler *****************
 Defined at:
		line 356 in file "mcc_generated_files/uart/src/uart1.c"
 Parameters:    Size  Location     Type
  InterruptHan    2    0[COMRAM] PTR FTN()void 
		 -> UART1_UartInterrupt_ISR(1), 
 Auto vars:     Size  Location     Type
		None
 Return value:  Size  Location     Type
                  1    wreg      void 
 Registers used:
		wreg, status,2, status,0
 Tracked objects:
		On entry : 
		On exit  : 
		Unchanged: 
 Data sizes:     COMRAM   BANK5   BANK6   BANK7   BANK8   BANK9  BANK10  BANK11  BANK12  BANK13  BANK14  BANK15  BANK16  BANK17  BANK18  BANK19  BANK20  BANK21
      Params:         2       0       0       0       0       0       0       0       0       0       0       0       0       0       0       0       0       0
      Locals:         0       0       0       0       0       0       0       0       0       0       0       0       0       0       0       0       0       0
      Temps:          0       0       0       0       0       0       0       0       0       0       0       0       0       0       0       0       0       0
      Totals:         2       0       0       0       0       0       0       0       0       0       0       0       0       0       0       0       0       0
Total ram usage:        2 bytes
 Hardware stack levels used:    1
 This function calls:
		Nothing
 This function is called by:
		_UART1_Initialize
 This function uses a non-reentrant model


 *************** function _UART1_SetTxInterruptHandler *****************
 Defined at:
		line 348 in file "mcc_generated_files/uart/src/uart1.c"
 Parameters:    Size  Location     Type
  InterruptHan    2    0[COMRAM] PTR FTN()void 
		 -> UART1_Transmit_ISR(1), 
 Auto vars:     Size  Location     Type
		None
 Return value:  Size  Location     Type
                  1    wreg      void 
 Registers used:
		wreg, status,2, status,0
 Tracked objects:
		On entry : 
		On exit  : 
		Unchanged: 
 Data sizes:     COMRAM   BANK5   BANK6   BANK7   BANK8   BANK9  BANK10  BANK11  BANK12  BANK13  BANK14  BANK15  BANK16  BANK17  BANK18  BANK19  BANK20  BANK21
      Params:         2       0       0       0       0       0       0       0       0       0       0       0       0       0       0       0       0       0
      Locals:         0       0       0       0       0       0       0       0       0       0       0       0       0       0       0       0       0       0
      Temps:          0       0       0       0       0       0       0       0       0       0       0       0       0       0       0       0       0       0
      Totals:         2       0       0       0       0       0       0       0       0       0       0       0       0       0       0       0       0       0
Total ram usage:        2 bytes
 Hardware stack levels used:    1
 This function calls:
		Nothing
 This function is called by:
		_UART1_Initialize
 This function uses a non-reentrant model


 *************** function _UART1_SetRxInterruptHandler *****************
 Defined at:
		line 344 in file "mcc_generated_files/uart/src/uart1.c"
 Parameters:    Size  Location     Type
  InterruptHan    2    0[COMRAM] PTR FTN()void 
		 -> UART1_Receive_ISR(1), 
 Auto vars:     Size  Location     Type
		None
 Return value:  Size  Location     Type
                  1    wreg      void 
 Registers used:
		wreg, status,2, status,0
 Tracked objects:
		On entry : 
		On exit  : 
		Unchanged: 
 Data sizes:     COMRAM   BANK5   BANK6   BANK7   BANK8   BANK9  BANK10  BANK11  BANK12  BANK13  BANK14  BANK15  BANK16  BANK17  BANK18  BANK19  BANK20  BANK21
      Params:         2       0       0       0       0       0       0       0       0       0       0       0       0       0       0       0       0       0
      Locals:         0       0       0       0       0       0       0       0       0       0       0       0       0       0       0       0       0       0
      Temps:          0       0       0       0       0       0       0       0       0       0       0       0       0       0       0       0       0       0
      Totals:         2       0       0       0       0       0       0       0       0       0       0       0       0       0       0       0       0       0
Total ram usage:        2 bytes
 Hardware stack levels used:    1
 This function calls:
		Nothing
 This function is called by:
		_UART1_Initialize
 This function uses a non-reentrant model


 *************** function _UART1_SetOverrunErrorHandler *****************
 Defined at:
		line 319 in file "mcc_generated_files/uart/src/uart1.c"
 Parameters:    Size  Location     Type
  interruptHan    2    0[COMRAM] PTR FTN()void 
		 -> UART1_DefaultOverrunErrorHandler(1), 
 Auto vars:     Size  Location     Type
		None
 Return value:  Size  Location     Type
                  1    wreg      void 
 Registers used:
		wreg, status,2, status,0
 Tracked objects:
		On entry : 
		On exit  : 
		Unchanged: 
 Data sizes:     COMRAM   BANK5   BANK6   BANK7   BANK8   BANK9  BANK10  BANK11  BANK12  BANK13  BANK14  BANK15  BANK16  BANK17  BANK18  BANK19  BANK20  BANK21
      Params:         2       0       0       0       0       0       0       0       0       0       0       0       0       0       0       0       0       0
      Locals:         0       0       0       0       0       0       0       0       0       0       0       0       0       0       0       0       0       0
      Temps:          0       0       0       0       0       0       0       0       0       0       0       0       0       0       0       0       0       0
      Totals:         2       0       0       0       0       0       0       0       0       0       0       0       0       0       0       0       0       0
Total ram usage:        2 bytes
 Hardware stack levels used:    1
 This function calls:
		Nothing
 This function is called by:
		_UART1_Initialize
 This function uses a non-reentrant model


 *************** function _UART1_SetFramingErrorInterruptHandler *****************
 Defined at:
		line 352 in file "mcc_generated_files/uart/src/uart1.c"
 Parameters:    Size  Location     Type
  InterruptHan    2    0[COMRAM] PTR FTN()void 
		 -> UART1_FramingError_ISR(1), 
 Auto vars:     Size  Location     Type
		None
 Return value:  Size  Location     Type
                  1    wreg      void 
 Registers used:
		wreg, status,2, status,0
 Tracked objects:
		On entry : 
		On exit  : 
		Unchanged: 
 Data sizes:     COMRAM   BANK5   BANK6   BANK7   BANK8   BANK9  BANK10  BANK11  BANK12  BANK13  BANK14  BANK15  BANK16  BANK17  BANK18  BANK19  BANK20  BANK21
      Params:         2       0       0       0       0       0       0       0       0       0       0       0       0       0       0       0       0       0
      Locals:         0       0       0       0       0       0       0       0       0       0       0       0       0       0       0       0       0       0
      Temps:          0       0       0       0       0       0       0       0       0       0       0       0       0       0       0       0       0       0
      Totals:         2       0       0       0       0       0       0       0       0       0       0       0       0       0       0       0       0       0
Total ram usage:        2 bytes
 Hardware stack levels used:    1
 This function calls:
		Nothing
 This function is called by:
		_UART1_Initialize
 This function uses a non-reentrant model


 *************** function _UART1_SetFramingErrorHandler *****************
 Defined at:
		line 315 in file "mcc_generated_files/uart/src/uart1.c"
 Parameters:    Size  Location     Type
  interruptHan    2    0[COMRAM] PTR FTN()void 
		 -> UART1_DefaultFramingErrorHandler(1), 
 Auto vars:     Size  Location     Type
		None
 Return value:  Size  Location     Type
                  1    wreg      void 
 Registers used:
		wreg, status,2, status,0
 Tracked objects:
		On entry : 
		On exit  : 
		Unchanged: 
 Data sizes:     COMRAM   BANK5   BANK6   BANK7   BANK8   BANK9  BANK10  BANK11  BANK12  BANK13  BANK14  BANK15  BANK16  BANK17  BANK18  BANK19  BANK20  BANK21
      Params:         2       0       0       0       0       0       0       0       0       0       0       0       0       0       0       0       0       0
      Locals:         0       0       0       0       0       0       0       0       0       0       0       0       0       0       0       0       0       0
      Temps:          0       0       0       0       0       0       0       0       0       0       0       0       0       0       0       0       0       0
      Totals:         2       0       0       0       0       0       0       0       0       0       0       0       0       0       0       0       0       0
Total ram usage:        2 bytes
 Hardware stack levels used:    1
 This function calls:
		Nothing
 This function is called by:
		_UART1_Initialize
 This function uses a non-reentrant model


 *************** function _UART1_SetErrorHandler *****************
 Defined at:
		line 323 in file "mcc_generated_files/uart/src/uart1.c"
 Parameters:    Size  Location     Type
  interruptHan    2    0[COMRAM] PTR FTN()void 
		 -> UART1_DefaultErrorHandler(1), 
 Auto vars:     Size  Location     Type
		None
 Return value:  Size  Location     Type
                  1    wreg      void 
 Registers used:
		wreg, status,2, status,0
 Tracked objects:
		On entry : 
		On exit  : 
		Unchanged: 
 Data sizes:     COMRAM   BANK5   BANK6   BANK7   BANK8   BANK9  BANK10  BANK11  BANK12  BANK13  BANK14  BANK15  BANK16  BANK17  BANK18  BANK19  BANK20  BANK21
      Params:         2       0       0       0       0       0       0       0       0       0       0       0       0       0       0       0       0       0
      Locals:         0       0       0       0       0       0       0       0       0       0       0       0       0       0       0       0       0       0
      Temps:          0       0       0       0       0       0       0       0       0       0       0       0       0       0       0       0       0       0
      Totals:         2       0       0       0       0       0       0       0       0       0       0       0       0       0       0       0       0       0
Total ram usage:        2 bytes
 Hardware stack levels used:    1
 This function calls:
		Nothing
 This function is called by:
		_UART1_Initialize
 This function uses a non-reentrant model


 *************** function _Timer2_Initialize *****************
 Defined at:
		line 79 in file "mcc_generated_files/timer/src/tmr2.c"
 Parameters:    Size  Location     Type
		None
 Auto vars:     Size  Location     Type
		None
 Return value:  Size  Location     Type
                  1    wreg      void 
 Registers used:
		wreg, status,2, status,0, cstack
 Tracked objects:
		On entry : 
		On exit  : 
		Unchanged: 
 Data sizes:     COMRAM   BANK5   BANK6   BANK7   BANK8   BANK9  BANK10  BANK11  BANK12  BANK13  BANK14  BANK15  BANK16  BANK17  BANK18  BANK19  BANK20  BANK21
      Params:         0       0       0       0       0       0       0       0       0       0       0       0       0       0       0       0       0       0
      Locals:         0       0       0       0       0       0       0       0       0       0       0       0       0       0       0       0       0       0
      Temps:          0       0       0       0       0       0       0       0       0       0       0       0       0       0       0       0       0       0
      Totals:         0       0       0       0       0       0       0       0       0       0       0       0       0       0       0       0       0       0
Total ram usage:        0 bytes
 Hardware stack levels used:    1
 Hardware stack levels required when called:    1
 This function calls:
		_Timer2_OverflowCallbackRegister
 This function is called by:
		_SYSTEM_Initialize
 This function uses a non-reentrant model


 *************** function _Timer2_OverflowCallbackRegister *****************
 Defined at:
		line 144 in file "mcc_generated_files/timer/src/tmr2.c"
 Parameters:    Size  Location     Type
  InterruptHan    2    0[COMRAM] PTR FTN()void 
		 -> Timer2_DefaultOverflowCallback(1), 
 Auto vars:     Size  Location     Type
		None
 Return value:  Size  Location     Type
                  1    wreg      void 
 Registers used:
		wreg, status,2, status,0
 Tracked objects:
		On entry : 
		On exit  : 
		Unchanged: 
 Data sizes:     COMRAM   BANK5   BANK6   BANK7   BANK8   BANK9  BANK10  BANK11  BANK12  BANK13  BANK14  BANK15  BANK16  BANK17  BANK18  BANK19  BANK20  BANK21
      Params:         2       0       0       0       0       0       0       0       0       0       0       0       0       0       0       0       0       0
      Locals:         0       0       0       0       0       0       0       0       0       0       0       0       0       0       0       0       0       0
      Temps:          0       0       0       0       0       0       0       0       0       0       0       0       0       0       0       0       0       0
      Totals:         2       0       0       0       0       0       0       0       0       0       0       0       0       0       0       0       0       0
Total ram usage:        2 bytes
 Hardware stack levels used:    1
 This function calls:
		Nothing
 This function is called by:
		_Timer2_Initialize
 This function uses a non-reentrant model


 *************** function _PIN_MANAGER_Initialize *****************
 Defined at:
		line 47 in file "mcc_generated_files/system/src/pins.c"
 Parameters:    Size  Location     Type
		None
 Auto vars:     Size  Location     Type
		None
 Return value:  Size  Location     Type
                  1    wreg      void 
 Registers used:
		wreg, status,2
 Tracked objects:
		On entry : 
		On exit  : 
		Unchanged: 
 Data sizes:     COMRAM   BANK5   BANK6   BANK7   BANK8   BANK9  BANK10  BANK11  BANK12  BANK13  BANK14  BANK15  BANK16  BANK17  BANK18  BANK19  BANK20  BANK21
      Params:         0       0       0       0       0       0       0       0       0       0       0       0       0       0       0       0       0       0
      Locals:         0       0       0       0       0       0       0       0       0       0       0       0       0       0       0       0       0       0
      Temps:          0       0       0       0       0       0       0       0       0       0       0       0       0       0       0       0       0       0
      Totals:         0       0       0       0       0       0       0       0       0       0       0       0       0       0       0       0       0       0
Total ram usage:        0 bytes
 Hardware stack levels used:    1
 This function calls:
		Nothing
 This function is called by:
		_SYSTEM_Initialize
 This function uses a non-reentrant model


 *************** function _INTERRUPT_Initialize *****************
 Defined at:
		line 65 in file "mcc_generated_files/system/src/interrupt.c"
 Parameters:    Size  Location     Type
		None
 Auto vars:     Size  Location     Type
		None
 Return value:  Size  Location     Type
                  1    wreg      void 
 Registers used:
		wreg, status,2, status,0, cstack
 Tracked objects:
		On entry : 
		On exit  : 
		Unchanged: 
 Data sizes:     COMRAM   BANK5   BANK6   BANK7   BANK8   BANK9  BANK10  BANK11  BANK12  BANK13  BANK14  BANK15  BANK16  BANK17  BANK18  BANK19  BANK20  BANK21
      Params:         0       0       0       0       0       0       0       0       0       0       0       0       0       0       0       0       0       0
      Locals:         0       0       0       0       0       0       0       0       0       0       0       0       0       0       0       0       0       0
      Temps:          0       0       0       0       0       0       0       0       0       0       0       0       0       0       0       0       0       0
      Totals:         0       0       0       0       0       0       0       0       0       0       0       0       0       0       0       0       0       0
Total ram usage:        0 bytes
 Hardware stack levels used:    1
 Hardware stack levels required when called:    1
 This function calls:
		_INT0_SetInterruptHandler
		_INT1_SetInterruptHandler
		_INT2_SetInterruptHandler
 This function is called by:
		_SYSTEM_Initialize
 This function uses a non-reentrant model


 *************** function _INT2_SetInterruptHandler *****************
 Defined at:
		line 167 in file "mcc_generated_files/system/src/interrupt.c"
 Parameters:    Size  Location     Type
  InterruptHan    2    0[COMRAM] PTR FTN()void 
		 -> INT2_DefaultInterruptHandler(1), 
 Auto vars:     Size  Location     Type
		None
 Return value:  Size  Location     Type
                  1    wreg      void 
 Registers used:
		wreg, status,2, status,0
 Tracked objects:
		On entry : 
		On exit  : 
		Unchanged: 
 Data sizes:     COMRAM   BANK5   BANK6   BANK7   BANK8   BANK9  BANK10  BANK11  BANK12  BANK13  BANK14  BANK15  BANK16  BANK17  BANK18  BANK19  BANK20  BANK21
      Params:         2       0       0       0       0       0       0       0       0       0       0       0       0       0       0       0       0       0
      Locals:         0       0       0       0       0       0       0       0       0       0       0       0       0       0       0       0       0       0
      Temps:          0       0       0       0       0       0       0       0       0       0       0       0       0       0       0       0       0       0
      Totals:         2       0       0       0       0       0       0       0       0       0       0       0       0       0       0       0       0       0
Total ram usage:        2 bytes
 Hardware stack levels used:    1
 This function calls:
		Nothing
 This function is called by:
		_INTERRUPT_Initialize
 This function uses a non-reentrant model


 *************** function _INT1_SetInterruptHandler *****************
 Defined at:
		line 141 in file "mcc_generated_files/system/src/interrupt.c"
 Parameters:    Size  Location     Type
  InterruptHan    2    0[COMRAM] PTR FTN()void 
		 -> INT1_DefaultInterruptHandler(1), 
 Auto vars:     Size  Location     Type
		None
 Return value:  Size  Location     Type
                  1    wreg      void 
 Registers used:
		wreg, status,2, status,0
 Tracked objects:
		On entry : 
		On exit  : 
		Unchanged: 
 Data sizes:     COMRAM   BANK5   BANK6   BANK7   BANK8   BANK9  BANK10  BANK11  BANK12  BANK13  BANK14  BANK15  BANK16  BANK17  BANK18  BANK19  BANK20  BANK21
      Params:         2       0       0       0       0       0       0       0       0       0       0       0       0       0       0       0       0       0
      Locals:         0       0       0       0       0       0       0       0       0       0       0       0       0       0       0       0       0       0
      Temps:          0       0       0       0       0       0       0       0       0       0       0       0       0       0       0       0       0       0
      Totals:         2       0       0       0       0       0       0       0       0       0       0       0       0       0       0       0       0       0
Total ram usage:        2 bytes
 Hardware stack levels used:    1
 This function calls:
		Nothing
 This function is called by:
		_INTERRUPT_Initialize
 This function uses a non-reentrant model


 *************** function _INT0_SetInterruptHandler *****************
 Defined at:
		line 115 in file "mcc_generated_files/system/src/interrupt.c"
 Parameters:    Size  Location     Type
  InterruptHan    2    0[COMRAM] PTR FTN()void 
		 -> INT0_DefaultInterruptHandler(1), 
 Auto vars:     Size  Location     Type
		None
 Return value:  Size  Location     Type
                  1    wreg      void 
 Registers used:
		wreg, status,2, status,0
 Tracked objects:
		On entry : 
		On exit  : 
		Unchanged: 
 Data sizes:     COMRAM   BANK5   BANK6   BANK7   BANK8   BANK9  BANK10  BANK11  BANK12  BANK13  BANK14  BANK15  BANK16  BANK17  BANK18  BANK19  BANK20  BANK21
      Params:         2       0       0       0       0       0       0       0       0       0       0       0       0       0       0       0       0       0
      Locals:         0       0       0       0       0       0       0       0       0       0       0       0       0       0       0       0       0       0
      Temps:          0       0       0       0       0       0       0       0       0       0       0       0       0       0       0       0       0       0
      Totals:         2       0       0       0       0       0       0       0       0       0       0       0       0       0       0       0       0       0
Total ram usage:        2 bytes
 Hardware stack levels used:    1
 This function calls:
		Nothing
 This function is called by:
		_INTERRUPT_Initialize
 This function uses a non-reentrant model


 *************** function _CLOCK_Initialize *****************
 Defined at:
		line 59 in file "mcc_generated_files/system/src/clock.c"
 Parameters:    Size  Location     Type
		None
 Auto vars:     Size  Location     Type
		None
 Return value:  Size  Location     Type
                  1    wreg      void 
 Registers used:
		wreg, status,2
 Tracked objects:
		On entry : 
		On exit  : 
		Unchanged: 
 Data sizes:     COMRAM   BANK5   BANK6   BANK7   BANK8   BANK9  BANK10  BANK11  BANK12  BANK13  BANK14  BANK15  BANK16  BANK17  BANK18  BANK19  BANK20  BANK21
      Params:         0       0       0       0       0       0       0       0       0       0       0       0       0       0       0       0       0       0
      Locals:         0       0       0       0       0       0       0       0       0       0       0       0       0       0       0       0       0       0
      Temps:          0       0       0       0       0       0       0       0       0       0       0       0       0       0       0       0       0       0
      Totals:         0       0       0       0       0       0       0       0       0       0       0       0       0       0       0       0       0       0
Total ram usage:        0 bytes
 Hardware stack levels used:    1
 This function calls:
		Nothing
 This function is called by:
		_SYSTEM_Initialize
 This function uses a non-reentrant model


 *************** function _CLC1_Initialize *****************
 Defined at:
		line 67 in file "mcc_generated_files/clc/src/clc1.c"
 Parameters:    Size  Location     Type
		None
 Auto vars:     Size  Location     Type
		None
 Return value:  Size  Location     Type
                  1    wreg      void 
 Registers used:
		wreg, status,2
 Tracked objects:
		On entry : 
		On exit  : 
		Unchanged: 
 Data sizes:     COMRAM   BANK5   BANK6   BANK7   BANK8   BANK9  BANK10  BANK11  BANK12  BANK13  BANK14  BANK15  BANK16  BANK17  BANK18  BANK19  BANK20  BANK21
      Params:         0       0       0       0       0       0       0       0       0       0       0       0       0       0       0       0       0       0
      Locals:         0       0       0       0       0       0       0       0       0       0       0       0       0       0       0       0       0       0
      Temps:          0       0       0       0       0       0       0       0       0       0       0       0       0       0       0       0       0       0
      Totals:         0       0       0       0       0       0       0       0       0       0       0       0       0       0       0       0       0       0
Total ram usage:        0 bytes
 Hardware stack levels used:    1
 This function calls:
		Nothing
 This function is called by:
		_SYSTEM_Initialize
 This function uses a non-reentrant model


 *************** function _CLC1_OutputStatusGet *****************
 Defined at:
		line 99 in file "mcc_generated_files/clc/src/clc1.c"
 Parameters:    Size  Location     Type
		None
 Auto vars:     Size  Location     Type
		None
 Return value:  Size  Location     Type
                  1    wreg      _Bool 
 Registers used:
		wreg
 Tracked objects:
		On entry : 
		On exit  : 
		Unchanged: 
 Data sizes:     COMRAM   BANK5   BANK6   BANK7   BANK8   BANK9  BANK10  BANK11  BANK12  BANK13  BANK14  BANK15  BANK16  BANK17  BANK18  BANK19  BANK20  BANK21
      Params:         0       0       0       0       0       0       0       0       0       0       0       0       0       0       0       0       0       0
      Locals:         0       0       0       0       0       0       0       0       0       0       0       0       0       0       0       0       0       0
      Temps:          0       0       0       0       0       0       0       0       0       0       0       0       0       0       0       0       0       0
      Totals:         0       0       0       0       0       0       0       0       0       0       0       0       0       0       0       0       0       0
Total ram usage:        0 bytes
 Hardware stack levels used:    1
 This function calls:
		Nothing
 This function is called by:
		_main
 This function uses a non-reentrant model



MODULE INFORMATION

Module		Function		Class		Link	Load	Size
C:\Program Files\Microchip\xc8\v2.31\pic\sources\c99\common\printf.c
		_printf        		CODE           	1A88	0000	38

C:\Program Files\Microchip\xc8\v2.31\pic\sources\c99\common\printf.c estimated size: 38

mcc_generated_files/system/src/interrupt.c
		_INT0_SetInterruptHandler		CODE           	1BA6	0000	10
		_INT1_SetInterruptHandler		CODE           	1B9C	0000	10
		_INT2_SetInterruptHandler		CODE           	1B92	0000	10
		_INTERRUPT_Initialize		CODE           	19F4	0000	52

mcc_generated_files/system/src/interrupt.c estimated size: 82

mcc_generated_files/uart/src/uart1.c
		_UART1_Write   		CODE           	1B0A	0000	24
		_putch         		CODE           	1B38	0000	10
		_UART1_SetFramingErrorHandler		CODE           	1B74	0000	10
		_UART1_SetOverrunErrorHandler		CODE           	1B60	0000	10
		_UART1_SetRxInterruptHandler		CODE           	1B56	0000	10
		_UART1_SetTxInterruptHandler		CODE           	1B4C	0000	10
		_UART1_Initialize		CODE           	174E	0000	176
		_UART1_SetErrorHandler		CODE           	1B7E	0000	10
		_UART1_SetFramingErrorInterruptHandler		CODE           	1B6A	0000	10
		_UART1_SetUartInterruptHandler		CODE           	1B42	0000	10

mcc_generated_files/uart/src/uart1.c estimated size: 280

mcc_generated_files/clc/src/clc1.c
		_CLC1_Initialize		CODE           	1A28	0000	52
		_CLC1_OutputStatusGet		CODE           	1B22	0000	22

mcc_generated_files/clc/src/clc1.c estimated size: 74

mcc_generated_files/system/src/pins.c
		_PIN_MANAGER_Initialize		CODE           	1894	0000	144

mcc_generated_files/system/src/pins.c estimated size: 144

C:\Program Files\Microchip\xc8\v2.31\pic\sources\c99\common\nf_fputc.c
		_fputc         		CODE           	17FE	0000	150

C:\Program Files\Microchip\xc8\v2.31\pic\sources\c99\common\nf_fputc.c estimated size: 150

shared
		_Timer2        		SMALLCONST     	161B	0000	12
		__initialization		CODE           	1AD2	0000	24
		_UART1_Interface		SMALLCONST     	1601	0000	26

shared estimated size: 62

C:\Program Files\Microchip\xc8\v2.31\pic\sources\c99\common\doprnt.c
		_vfpfcnvrt     		CODE           	1642	0000	268
		_vfprintf      		CODE           	1990	0000	100

C:\Program Files\Microchip\xc8\v2.31\pic\sources\c99\common\doprnt.c estimated size: 368

mcc_generated_files/timer/src/tmr2.c
		_Timer2_Initialize		CODE           	1A5C	0000	44
		_Timer2_OverflowCallbackRegister		CODE           	1B88	0000	10

mcc_generated_files/timer/src/tmr2.c estimated size: 54

mcc_generated_files/system/src/clock.c
		_CLOCK_Initialize		CODE           	1AAE	0000	36

mcc_generated_files/system/src/clock.c estimated size: 36

main.c
		_main          		CODE           	1924	0000	108

main.c estimated size: 108

mcc_generated_files/system/src/system.c
		_SYSTEM_Initialize		CODE           	1AF0	0000	26

mcc_generated_files/system/src/system.c estimated size: 26

